Archive member included to satisfy reference by file (symbol)

/home/johannes/Documents/Programmierung/STM/gcc-arm-none-eabi/bin/../lib/gcc/arm-none-eabi/5.4.1/../../../../arm-none-eabi/lib/armv7-m/libg.a(lib_a-exit.o)
                              /home/johannes/Documents/Programmierung/STM/gcc-arm-none-eabi/bin/../lib/gcc/arm-none-eabi/5.4.1/../../../../arm-none-eabi/lib/armv7-m/crt0.o (exit)
/home/johannes/Documents/Programmierung/STM/gcc-arm-none-eabi/bin/../lib/gcc/arm-none-eabi/5.4.1/../../../../arm-none-eabi/lib/armv7-m/libg.a(lib_a-impure.o)
                              /home/johannes/Documents/Programmierung/STM/gcc-arm-none-eabi/bin/../lib/gcc/arm-none-eabi/5.4.1/../../../../arm-none-eabi/lib/armv7-m/libg.a(lib_a-exit.o) (_global_impure_ptr)
/home/johannes/Documents/Programmierung/STM/gcc-arm-none-eabi/bin/../lib/gcc/arm-none-eabi/5.4.1/../../../../arm-none-eabi/lib/armv7-m/libg.a(lib_a-init.o)
                              /home/johannes/Documents/Programmierung/STM/gcc-arm-none-eabi/bin/../lib/gcc/arm-none-eabi/5.4.1/../../../../arm-none-eabi/lib/armv7-m/crt0.o (__libc_init_array)
/home/johannes/Documents/Programmierung/STM/gcc-arm-none-eabi/bin/../lib/gcc/arm-none-eabi/5.4.1/../../../../arm-none-eabi/lib/armv7-m/libg.a(lib_a-memset.o)
                              /home/johannes/Documents/Programmierung/STM/gcc-arm-none-eabi/bin/../lib/gcc/arm-none-eabi/5.4.1/../../../../arm-none-eabi/lib/armv7-m/crt0.o (memset)
/home/johannes/Documents/Programmierung/STM/gcc-arm-none-eabi/bin/../lib/gcc/arm-none-eabi/5.4.1/../../../../arm-none-eabi/lib/armv7-m/libg.a(lib_a-__call_atexit.o)
                              /home/johannes/Documents/Programmierung/STM/gcc-arm-none-eabi/bin/../lib/gcc/arm-none-eabi/5.4.1/../../../../arm-none-eabi/lib/armv7-m/libg.a(lib_a-exit.o) (__call_exitprocs)
/home/johannes/Documents/Programmierung/STM/gcc-arm-none-eabi/bin/../lib/gcc/arm-none-eabi/5.4.1/../../../../arm-none-eabi/lib/armv7-m/libg.a(lib_a-atexit.o)
                              /home/johannes/Documents/Programmierung/STM/gcc-arm-none-eabi/bin/../lib/gcc/arm-none-eabi/5.4.1/../../../../arm-none-eabi/lib/armv7-m/libg.a(lib_a-__call_atexit.o) (atexit)
/home/johannes/Documents/Programmierung/STM/gcc-arm-none-eabi/bin/../lib/gcc/arm-none-eabi/5.4.1/../../../../arm-none-eabi/lib/armv7-m/libg.a(lib_a-fini.o)
                              /home/johannes/Documents/Programmierung/STM/gcc-arm-none-eabi/bin/../lib/gcc/arm-none-eabi/5.4.1/../../../../arm-none-eabi/lib/armv7-m/libg.a(lib_a-__call_atexit.o) (__libc_fini_array)
/home/johannes/Documents/Programmierung/STM/gcc-arm-none-eabi/bin/../lib/gcc/arm-none-eabi/5.4.1/../../../../arm-none-eabi/lib/armv7-m/libg.a(lib_a-__atexit.o)
                              /home/johannes/Documents/Programmierung/STM/gcc-arm-none-eabi/bin/../lib/gcc/arm-none-eabi/5.4.1/../../../../arm-none-eabi/lib/armv7-m/libg.a(lib_a-atexit.o) (__register_exitproc)

Allocating common symbols
Common symbol       size              file

delay_counter       0x4               ./src/delay.o

Discarded input sections

 .text          0x00000000        0x0 /home/johannes/Documents/Programmierung/STM/gcc-arm-none-eabi/bin/../lib/gcc/arm-none-eabi/5.4.1/armv7-m/crti.o
 .data          0x00000000        0x0 /home/johannes/Documents/Programmierung/STM/gcc-arm-none-eabi/bin/../lib/gcc/arm-none-eabi/5.4.1/armv7-m/crti.o
 .bss           0x00000000        0x0 /home/johannes/Documents/Programmierung/STM/gcc-arm-none-eabi/bin/../lib/gcc/arm-none-eabi/5.4.1/armv7-m/crti.o
 .data          0x00000000        0x4 /home/johannes/Documents/Programmierung/STM/gcc-arm-none-eabi/bin/../lib/gcc/arm-none-eabi/5.4.1/armv7-m/crtbegin.o
 .text          0x00000000       0x74 /home/johannes/Documents/Programmierung/STM/gcc-arm-none-eabi/bin/../lib/gcc/arm-none-eabi/5.4.1/../../../../arm-none-eabi/lib/armv7-m/crt0.o
 .data          0x00000000        0x0 /home/johannes/Documents/Programmierung/STM/gcc-arm-none-eabi/bin/../lib/gcc/arm-none-eabi/5.4.1/../../../../arm-none-eabi/lib/armv7-m/crt0.o
 .bss           0x00000000        0x0 /home/johannes/Documents/Programmierung/STM/gcc-arm-none-eabi/bin/../lib/gcc/arm-none-eabi/5.4.1/../../../../arm-none-eabi/lib/armv7-m/crt0.o
 .ARM.extab     0x00000000        0x0 /home/johannes/Documents/Programmierung/STM/gcc-arm-none-eabi/bin/../lib/gcc/arm-none-eabi/5.4.1/../../../../arm-none-eabi/lib/armv7-m/crt0.o
 .ARM.exidx     0x00000000        0x8 /home/johannes/Documents/Programmierung/STM/gcc-arm-none-eabi/bin/../lib/gcc/arm-none-eabi/5.4.1/../../../../arm-none-eabi/lib/armv7-m/crt0.o
 .ARM.attributes
                0x00000000       0x1b /home/johannes/Documents/Programmierung/STM/gcc-arm-none-eabi/bin/../lib/gcc/arm-none-eabi/5.4.1/../../../../arm-none-eabi/lib/armv7-m/crt0.o
 .group         0x00000000        0x8 ./src/delay.o
 .group         0x00000000        0x8 ./src/delay.o
 .group         0x00000000        0x8 ./src/delay.o
 .group         0x00000000        0x8 ./src/delay.o
[...]
Memory Configuration

Name             Origin             Length             Attributes
FLASH            0x08000000         0x00020000         xr
RAM              0x20000000         0x00005000         xrw
MEMORY_B1        0x60000000         0x00000000         xr
*default*        0x00000000         0xffffffff

Linker script and memory map

LOAD /home/johannes/Documents/Programmierung/STM/gcc-arm-none-eabi/bin/../lib/gcc/arm-none-eabi/5.4.1/armv7-m/crti.o
LOAD /home/johannes/Documents/Programmierung/STM/gcc-arm-none-eabi/bin/../lib/gcc/arm-none-eabi/5.4.1/armv7-m/crtbegin.o
LOAD /home/johannes/Documents/Programmierung/STM/gcc-arm-none-eabi/bin/../lib/gcc/arm-none-eabi/5.4.1/../../../../arm-none-eabi/lib/armv7-m/crt0.o
LOAD ./src/delay.o
LOAD ./src/main.o
LOAD ./src/ws2812.o
LOAD ./lib/STM32F10x_StdPeriph_Driver/src/misc.o
LOAD ./lib/STM32F10x_StdPeriph_Driver/src/stm32f10x_adc.o
LOAD ./lib/STM32F10x_StdPeriph_Driver/src/stm32f10x_bkp.o
LOAD ./lib/STM32F10x_StdPeriph_Driver/src/stm32f10x_can.o
LOAD ./lib/STM32F10x_StdPeriph_Driver/src/stm32f10x_cec.o
LOAD ./lib/STM32F10x_StdPeriph_Driver/src/stm32f10x_crc.o
LOAD ./lib/STM32F10x_StdPeriph_Driver/src/stm32f10x_dac.o
LOAD ./lib/STM32F10x_StdPeriph_Driver/src/stm32f10x_dbgmcu.o
LOAD ./lib/STM32F10x_StdPeriph_Driver/src/stm32f10x_dma.o
LOAD ./lib/STM32F10x_StdPeriph_Driver/src/stm32f10x_exti.o
LOAD ./lib/STM32F10x_StdPeriph_Driver/src/stm32f10x_flash.o
LOAD ./lib/STM32F10x_StdPeriph_Driver/src/stm32f10x_fsmc.o
LOAD ./lib/STM32F10x_StdPeriph_Driver/src/stm32f10x_gpio.o
LOAD ./lib/STM32F10x_StdPeriph_Driver/src/stm32f10x_i2c.o
LOAD ./lib/STM32F10x_StdPeriph_Driver/src/stm32f10x_iwdg.o
LOAD ./lib/STM32F10x_StdPeriph_Driver/src/stm32f10x_pwr.o
LOAD ./lib/STM32F10x_StdPeriph_Driver/src/stm32f10x_rcc.o
LOAD ./lib/STM32F10x_StdPeriph_Driver/src/stm32f10x_rtc.o
LOAD ./lib/STM32F10x_StdPeriph_Driver/src/stm32f10x_sdio.o
LOAD ./lib/STM32F10x_StdPeriph_Driver/src/stm32f10x_spi.o
LOAD ./lib/STM32F10x_StdPeriph_Driver/src/stm32f10x_tim.o
LOAD ./lib/STM32F10x_StdPeriph_Driver/src/stm32f10x_usart.o
LOAD ./lib/STM32F10x_StdPeriph_Driver/src/stm32f10x_wwdg.o
LOAD ./lib/CMSIS/CM3/DeviceSupport/ST/STM32F10x/startup/gcc_ride7/startup_stm32f10x_md.o
LOAD ./lib/CMSIS/CM3/DeviceSupport/ST/STM32F10x/system_stm32f10x.o
LOAD ./lib/CMSIS/CM3/CoreSupport/core_cm3.o
LOAD /home/johannes/Documents/Programmierung/STM/gcc-arm-none-eabi/bin/../lib/gcc/arm-none-eabi/5.4.1/../../../../arm-none-eabi/lib/armv7-m/libstdc++.a
LOAD /home/johannes/Documents/Programmierung/STM/gcc-arm-none-eabi/bin/../lib/gcc/arm-none-eabi/5.4.1/../../../../arm-none-eabi/lib/armv7-m/libm.a
START GROUP
LOAD /home/johannes/Documents/Programmierung/STM/gcc-arm-none-eabi/bin/../lib/gcc/arm-none-eabi/5.4.1/armv7-m/libgcc.a
LOAD /home/johannes/Documents/Programmierung/STM/gcc-arm-none-eabi/bin/../lib/gcc/arm-none-eabi/5.4.1/../../../../arm-none-eabi/lib/armv7-m/libg.a
LOAD /home/johannes/Documents/Programmierung/STM/gcc-arm-none-eabi/bin/../lib/gcc/arm-none-eabi/5.4.1/../../../../arm-none-eabi/lib/armv7-m/libc.a
END GROUP
LOAD /home/johannes/Documents/Programmierung/STM/gcc-arm-none-eabi/bin/../lib/gcc/arm-none-eabi/5.4.1/armv7-m/crtend.o
LOAD /home/johannes/Documents/Programmierung/STM/gcc-arm-none-eabi/bin/../lib/gcc/arm-none-eabi/5.4.1/armv7-m/crtn.o
                0x20005000                _estack = 0x20005000
                0x00000000                _Min_Heap_Size = 0x0
                0x00000100                _Min_Stack_Size = 0x100

.isr_vector     0x08000000      0x10c
                0x08000000                . = ALIGN (0x4)
 *(.isr_vector)
 .isr_vector    0x08000000      0x10c ./lib/CMSIS/CM3/DeviceSupport/ST/STM32F10x/startup/gcc_ride7/startup_stm32f10x_md.o
                0x08000000                g_pfnVectors
                0x0800010c                . = ALIGN (0x4)

.eh_frame       0x0800010c        0x0
 .eh_frame      0x0800010c        0x0 /home/johannes/Documents/Programmierung/STM/gcc-arm-none-eabi/bin/../lib/gcc/arm-none-eabi/5.4.1/armv7-m/crtbegin.o

.text           0x0800010c      0x968
                0x0800010c                . = ALIGN (0x4)
 *(.text)
 .text          0x0800010c       0x5c /home/johannes/Documents/Programmierung/STM/gcc-arm-none-eabi/bin/../lib/gcc/arm-none-eabi/5.4.1/armv7-m/crtbegin.o
 *(.text*)
 .text.NVIC_SetPriority
                0x08000168       0x54 ./src/delay.o
 .text.SysTick_Config
                0x080001bc       0x44 ./src/delay.o
 .text.SysTick_Handler
                0x08000200       0x24 ./src/delay.o
                0x08000200                SysTick_Handler
 .text.delay_msec
                0x08000224       0x34 ./src/delay.o
                0x08000224                delay_msec
 .text.delay_init
                0x08000258       0x58 ./src/delay.o
                0x08000258                delay_init
 .text.main     0x080002b0       0x68 ./src/main.o
                0x080002b0                main
 .text.ws2812_setup_dma_buf
                0x08000318      0x160 ./src/ws2812.o
 .text.DMA1_Channel2_IRQHandler
                0x08000478       0x64 ./src/ws2812.o
                0x08000478                DMA1_Channel2_IRQHandler
 .text.DMA_Cmd  0x080004dc       0x38 ./lib/STM32F10x_StdPeriph_Driver/src/stm32f10x_dma.o
                0x080004dc                DMA_Cmd
 .text.DMA_GetITStatus
                0x08000514       0x50 ./lib/STM32F10x_StdPeriph_Driver/src/stm32f10x_dma.o
                0x08000514                DMA_GetITStatus
 .text.DMA_ClearITPendingBit
                0x08000564       0x34 ./lib/STM32F10x_StdPeriph_Driver/src/stm32f10x_dma.o
                0x08000564                DMA_ClearITPendingBit
 .text.GPIO_Init
                0x08000598      0x178 ./lib/STM32F10x_StdPeriph_Driver/src/stm32f10x_gpio.o
                0x08000598                GPIO_Init
 .text.GPIO_ReadOutputDataBit
                0x08000710       0x34 ./lib/STM32F10x_StdPeriph_Driver/src/stm32f10x_gpio.o
                0x08000710                GPIO_ReadOutputDataBit
 .text.GPIO_WriteBit
                0x08000744       0x30 ./lib/STM32F10x_StdPeriph_Driver/src/stm32f10x_gpio.o
                0x08000744                GPIO_WriteBit
 .text.RCC_APB2PeriphClockCmd
                0x08000774       0x3c ./lib/STM32F10x_StdPeriph_Driver/src/stm32f10x_rcc.o
                0x08000774                RCC_APB2PeriphClockCmd
 .text.Reset_Handler
                0x080007b0       0x44 ./lib/CMSIS/CM3/DeviceSupport/ST/STM32F10x/startup/gcc_ride7/startup_stm32f10x_md.o
                0x080007b0                Reset_Handler
 .text.Default_Handler
                0x080007f4        0x2 ./lib/CMSIS/CM3/DeviceSupport/ST/STM32F10x/startup/gcc_ride7/startup_stm32f10x_md.o
                0x080007f4                EXTI2_IRQHandler
                0x080007f4                DebugMon_Handler
                0x080007f4                TIM1_CC_IRQHandler
                0x080007f4                HardFault_Handler
                0x080007f4                PVD_IRQHandler
                0x080007f4                PendSV_Handler
                0x080007f4                NMI_Handler
                0x080007f4                EXTI3_IRQHandler
                0x080007f4                EXTI0_IRQHandler
                0x080007f4                I2C2_EV_IRQHandler
                0x080007f4                UsageFault_Handler
                0x080007f4                ADC1_2_IRQHandler
                0x080007f4                SPI1_IRQHandler
                0x080007f4                TAMPER_IRQHandler
                0x080007f4                DMA1_Channel4_IRQHandler
                0x080007f4                USART3_IRQHandler
                0x080007f4                RTC_IRQHandler
                0x080007f4                DMA1_Channel7_IRQHandler
                0x080007f4                CAN1_RX1_IRQHandler
                0x080007f4                TIM4_IRQHandler
                0x080007f4                I2C1_EV_IRQHandler
                0x080007f4                DMA1_Channel6_IRQHandler
                0x080007f4                TIM3_IRQHandler
                0x080007f4                RCC_IRQHandler
                0x080007f4                TIM1_TRG_COM_IRQHandler
                0x080007f4                DMA1_Channel1_IRQHandler
                0x080007f4                Default_Handler
                0x080007f4                EXTI15_10_IRQHandler
                0x080007f4                EXTI9_5_IRQHandler
                0x080007f4                SPI2_IRQHandler
                0x080007f4                MemManage_Handler
                0x080007f4                SVC_Handler
                0x080007f4                DMA1_Channel5_IRQHandler
                0x080007f4                EXTI4_IRQHandler
                0x080007f4                USB_LP_CAN1_RX0_IRQHandler
                0x080007f4                USB_HP_CAN1_TX_IRQHandler
                0x080007f4                DMA1_Channel3_IRQHandler
                0x080007f4                TIM1_UP_IRQHandler
                0x080007f4                WWDG_IRQHandler
                0x080007f4                TIM2_IRQHandler
                0x080007f4                TIM1_BRK_IRQHandler
                0x080007f4                EXTI1_IRQHandler
                0x080007f4                RTCAlarm_IRQHandler
                0x080007f4                USART2_IRQHandler
                0x080007f4                I2C2_ER_IRQHandler
                0x080007f4                CAN1_SCE_IRQHandler
                0x080007f4                FLASH_IRQHandler
                0x080007f4                BusFault_Handler
                0x080007f4                USART1_IRQHandler
                0x080007f4                I2C1_ER_IRQHandler
                0x080007f4                USBWakeUp_IRQHandler
 *fill*         0x080007f6        0x2 
 .text.SystemInit
                0x080007f8       0x68 ./lib/CMSIS/CM3/DeviceSupport/ST/STM32F10x/system_stm32f10x.o
                0x080007f8                SystemInit
 .text.SetSysClock
                0x08000860        0xc ./lib/CMSIS/CM3/DeviceSupport/ST/STM32F10x/system_stm32f10x.o
 .text.SetSysClockTo72
                0x0800086c      0x100 ./lib/CMSIS/CM3/DeviceSupport/ST/STM32F10x/system_stm32f10x.o
 .text.startup.register_fini
                0x0800096c       0x14 /home/johannes/Documents/Programmierung/STM/gcc-arm-none-eabi/bin/../lib/gcc/arm-none-eabi/5.4.1/../../../../arm-none-eabi/lib/armv7-m/libg.a(lib_a-__call_atexit.o)
 .text.atexit   0x08000980        0xc /home/johannes/Documents/Programmierung/STM/gcc-arm-none-eabi/bin/../lib/gcc/arm-none-eabi/5.4.1/../../../../arm-none-eabi/lib/armv7-m/libg.a(lib_a-atexit.o)
                0x08000980                atexit
 .text.__libc_fini_array
                0x0800098c       0x28 /home/johannes/Documents/Programmierung/STM/gcc-arm-none-eabi/bin/../lib/gcc/arm-none-eabi/5.4.1/../../../../arm-none-eabi/lib/armv7-m/libg.a(lib_a-fini.o)
                0x0800098c                __libc_fini_array
 .text.__register_exitproc
                0x080009b4       0xa4 /home/johannes/Documents/Programmierung/STM/gcc-arm-none-eabi/bin/../lib/gcc/arm-none-eabi/5.4.1/../../../../arm-none-eabi/lib/armv7-m/libg.a(lib_a-__atexit.o)
                0x080009b4                __register_exitproc
 *(.rodata)
 *(.rodata*)
 .rodata._global_impure_ptr
                0x08000a58        0x4 /home/johannes/Documents/Programmierung/STM/gcc-arm-none-eabi/bin/../lib/gcc/arm-none-eabi/5.4.1/../../../../arm-none-eabi/lib/armv7-m/libg.a(lib_a-impure.o)
                0x08000a58                _global_impure_ptr
 *(.glue_7)
 .glue_7        0x08000a5c        0x0 linker stubs
 *(.glue_7t)
 .glue_7t       0x08000a5c        0x0 linker stubs
 *(.init)
 .init          0x08000a5c        0x4 /home/johannes/Documents/Programmierung/STM/gcc-arm-none-eabi/bin/../lib/gcc/arm-none-eabi/5.4.1/armv7-m/crti.o
                0x08000a5c                _init
 .init          0x08000a60        0x8 /home/johannes/Documents/Programmierung/STM/gcc-arm-none-eabi/bin/../lib/gcc/arm-none-eabi/5.4.1/armv7-m/crtn.o
 *(.fini)
 .fini          0x08000a68        0x4 /home/johannes/Documents/Programmierung/STM/gcc-arm-none-eabi/bin/../lib/gcc/arm-none-eabi/5.4.1/armv7-m/crti.o
                0x08000a68                _fini
 .fini          0x08000a6c        0x8 /home/johannes/Documents/Programmierung/STM/gcc-arm-none-eabi/bin/../lib/gcc/arm-none-eabi/5.4.1/armv7-m/crtn.o
                0x08000a74                . = ALIGN (0x4)
                0x08000a74                _etext = .

.vfp11_veneer   0x08000a74        0x0
 .vfp11_veneer  0x08000a74        0x0 linker stubs

.v4_bx          0x08000a74        0x0
 .v4_bx         0x08000a74        0x0 linker stubs

.iplt           0x08000a74        0x0
 .iplt          0x08000a74        0x0 /home/johannes/Documents/Programmierung/STM/gcc-arm-none-eabi/bin/../lib/gcc/arm-none-eabi/5.4.1/armv7-m/crtbegin.o

.rel.dyn        0x08000a74        0x0
 .rel.iplt      0x08000a74        0x0 /home/johannes/Documents/Programmierung/STM/gcc-arm-none-eabi/bin/../lib/gcc/arm-none-eabi/5.4.1/armv7-m/crtbegin.o

.ARM.extab
 *(.ARM.extab* .gnu.linkonce.armextab.*)

.ARM            0x08000a74        0x0
                0x08000a74                __exidx_start = .
 *(.ARM.exidx*)
                0x08000a74                __exidx_end = .

.ARM.attributes
                0x08000a74       0x29
 *(.ARM.attributes)
 .ARM.attributes
                0x08000a74       0x1d /home/johannes/Documents/Programmierung/STM/gcc-arm-none-eabi/bin/../lib/gcc/arm-none-eabi/5.4.1/armv7-m/crti.o
 .ARM.attributes
                0x08000a91       0x2d /home/johannes/Documents/Programmierung/STM/gcc-arm-none-eabi/bin/../lib/gcc/arm-none-eabi/5.4.1/armv7-m/crtbegin.o
 .ARM.attributes
                0x08000abe       0x33 ./src/delay.o
 .ARM.attributes
                0x08000af1       0x33 ./src/main.o
 .ARM.attributes
                0x08000b24       0x33 ./src/ws2812.o
 .ARM.attributes
                0x08000b57       0x33 ./lib/STM32F10x_StdPeriph_Driver/src/stm32f10x_dma.o
 .ARM.attributes
                0x08000b8a       0x33 ./lib/STM32F10x_StdPeriph_Driver/src/stm32f10x_gpio.o
 .ARM.attributes
                0x08000bbd       0x33 ./lib/STM32F10x_StdPeriph_Driver/src/stm32f10x_rcc.o
 .ARM.attributes
                0x08000bf0       0x21 ./lib/CMSIS/CM3/DeviceSupport/ST/STM32F10x/startup/gcc_ride7/startup_stm32f10x_md.o
 .ARM.attributes
                0x08000c11       0x33 ./lib/CMSIS/CM3/DeviceSupport/ST/STM32F10x/system_stm32f10x.o
 .ARM.attributes
                0x08000c44       0x2d /home/johannes/Documents/Programmierung/STM/gcc-arm-none-eabi/bin/../lib/gcc/arm-none-eabi/5.4.1/../../../../arm-none-eabi/lib/armv7-m/libg.a(lib_a-impure.o)
 .ARM.attributes
                0x08000c71       0x2d /home/johannes/Documents/Programmierung/STM/gcc-arm-none-eabi/bin/../lib/gcc/arm-none-eabi/5.4.1/../../../../arm-none-eabi/lib/armv7-m/libg.a(lib_a-__call_atexit.o)
 .ARM.attributes
                0x08000c9e       0x2d /home/johannes/Documents/Programmierung/STM/gcc-arm-none-eabi/bin/../lib/gcc/arm-none-eabi/5.4.1/../../../../arm-none-eabi/lib/armv7-m/libg.a(lib_a-atexit.o)
 .ARM.attributes
                0x08000ccb       0x2d /home/johannes/Documents/Programmierung/STM/gcc-arm-none-eabi/bin/../lib/gcc/arm-none-eabi/5.4.1/../../../../arm-none-eabi/lib/armv7-m/libg.a(lib_a-fini.o)
 .ARM.attributes
                0x08000cf8       0x2d /home/johannes/Documents/Programmierung/STM/gcc-arm-none-eabi/bin/../lib/gcc/arm-none-eabi/5.4.1/../../../../arm-none-eabi/lib/armv7-m/libg.a(lib_a-__atexit.o)
 .ARM.attributes
                0x08000d25       0x1d /home/johannes/Documents/Programmierung/STM/gcc-arm-none-eabi/bin/../lib/gcc/arm-none-eabi/5.4.1/armv7-m/crtn.o

.preinit_array  0x08000a74        0x0
                0x08000a74                PROVIDE (__preinit_array_start, .)
 *(.preinit_array*)
                0x08000a74                PROVIDE (__preinit_array_end, .)

.init_array     0x08000a74        0x8
                0x08000a74                PROVIDE (__init_array_start, .)
 *(SORT(.init_array.*))
 .init_array.00000
                0x08000a74        0x4 /home/johannes/Documents/Programmierung/STM/gcc-arm-none-eabi/bin/../lib/gcc/arm-none-eabi/5.4.1/../../../../arm-none-eabi/lib/armv7-m/libg.a(lib_a-__call_atexit.o)
 *(.init_array*)
 .init_array    0x08000a78        0x4 /home/johannes/Documents/Programmierung/STM/gcc-arm-none-eabi/bin/../lib/gcc/arm-none-eabi/5.4.1/armv7-m/crtbegin.o
                0x08000a7c                PROVIDE (__init_array_end, .)

.fini_array     0x08000a7c        0x4
                0x08000a7c                PROVIDE (__fini_array_start, .)
 *(.fini_array*)
 .fini_array    0x08000a7c        0x4 /home/johannes/Documents/Programmierung/STM/gcc-arm-none-eabi/bin/../lib/gcc/arm-none-eabi/5.4.1/armv7-m/crtbegin.o
 *(SORT(.fini_array.*))
                0x08000a80                PROVIDE (__fini_array_end, .)
                0x08000a80                _sidata = .

.data           0x20000000      0x438 load address 0x08000a80
                0x20000000                . = ALIGN (0x4)
                0x20000000                _sdata = .
 *(.data)
 *(.data*)
 .data.resolution
                0x20000000        0x4 ./src/delay.o
 .data.msec_factor
                0x20000004        0x4 ./src/delay.o
 .data.SystemCoreClock
                0x20000008        0x4 ./lib/CMSIS/CM3/DeviceSupport/ST/STM32F10x/system_stm32f10x.o
                0x20000008                SystemCoreClock
 *fill*         0x2000000c        0x4 
 .data.impure_data
                0x20000010      0x428 /home/johannes/Documents/Programmierung/STM/gcc-arm-none-eabi/bin/../lib/gcc/arm-none-eabi/5.4.1/../../../../arm-none-eabi/lib/armv7-m/libg.a(lib_a-impure.o)
                0x20000438                . = ALIGN (0x4)
                0x20000438                _edata = .

.jcr            0x20000438        0x0 load address 0x08000eb8
 .jcr           0x20000438        0x0 /home/johannes/Documents/Programmierung/STM/gcc-arm-none-eabi/bin/../lib/gcc/arm-none-eabi/5.4.1/armv7-m/crtbegin.o

.igot.plt       0x20000438        0x0 load address 0x08000eb8
 .igot.plt      0x20000438        0x0 /home/johannes/Documents/Programmierung/STM/gcc-arm-none-eabi/bin/../lib/gcc/arm-none-eabi/5.4.1/armv7-m/crtbegin.o
                0x20000438                . = ALIGN (0x4)

.bss            0x20000438      0x158 load address 0x08000eb8
                0x20000438                _sbss = .
                0x20000438                __bss_start__ = _sbss
 *(.bss)
 .bss           0x20000438       0x1c /home/johannes/Documents/Programmierung/STM/gcc-arm-none-eabi/bin/../lib/gcc/arm-none-eabi/5.4.1/armv7-m/crtbegin.o
 *(.bss*)
 .bss.current_dma_buf_pos
                0x20000454        0x4 ./src/ws2812.o
 .bss.current_led_offset
                0x20000458        0x4 ./src/ws2812.o
 .bss.current_data_pause_len
                0x2000045c        0x4 ./src/ws2812.o
 .bss.current_leds
                0x20000460        0x4 ./src/ws2812.o
 .bss.ws2812_dma_status
                0x20000464        0x4 ./src/ws2812.o
 .bss.rgb_buf   0x20000468       0xf0 ./src/ws2812.o
 .bss.current_rgb_buf_idx
                0x20000558        0x4 ./src/ws2812.o
 .bss.dma_buf   0x2000055c       0x30 ./src/ws2812.o
 *(COMMON)
 COMMON         0x2000058c        0x4 ./src/delay.o
                0x2000058c                delay_counter
                0x20000590                . = ALIGN (0x4)
                0x20000590                _ebss = .
                0x20000590                __bss_end__ = _ebss
                [!provide]                PROVIDE (end, _ebss)
                [!provide]                PROVIDE (_end, _ebss)

._user_heap_stack
                0x20000590      0x100 load address 0x08001010
                0x20000590                . = ALIGN (0x4)
                0x20000590                . = (. + _Min_Heap_Size)
                0x20000690                . = (. + _Min_Stack_Size)
 *fill*         0x20000590      0x100 
                0x20000690                . = ALIGN (0x4)

.memory_b1_text
 *(.mb1text)
 *(.mb1text*)
 *(.mb1rodata)
 *(.mb1rodata*)

/DISCARD/
 libc.a(*)
 libm.a(*)
 libgcc.a(*)
OUTPUT(InfinityCube.elf elf32-littlearm)

.debug_info     0x00000000     0x2c26
 .debug_info    0x00000000      0x636 ./src/delay.o
 .debug_info    0x00000636      0x22f ./src/main.o
 .debug_info    0x00000865      0xac2 ./src/ws2812.o
 .debug_info    0x00001327      0x46d ./lib/STM32F10x_StdPeriph_Driver/src/stm32f10x_dma.o
 .debug_info    0x00001794      0x6e8 ./lib/STM32F10x_StdPeriph_Driver/src/stm32f10x_gpio.o
 .debug_info    0x00001e7c      0x895 ./lib/STM32F10x_StdPeriph_Driver/src/stm32f10x_rcc.o
 .debug_info    0x00002711       0xc6 ./lib/CMSIS/CM3/DeviceSupport/ST/STM32F10x/startup/gcc_ride7/startup_stm32f10x_md.o
 .debug_info    0x000027d7      0x44f ./lib/CMSIS/CM3/DeviceSupport/ST/STM32F10x/system_stm32f10x.o

.debug_abbrev   0x00000000      0xb8c
 .debug_abbrev  0x00000000      0x201 ./src/delay.o
 .debug_abbrev  0x00000201       0xf8 ./src/main.o
 .debug_abbrev  0x000002f9      0x215 ./src/ws2812.o
 .debug_abbrev  0x0000050e      0x15c ./lib/STM32F10x_StdPeriph_Driver/src/stm32f10x_dma.o
 .debug_abbrev  0x0000066a      0x1d1 ./lib/STM32F10x_StdPeriph_Driver/src/stm32f10x_gpio.o
 .debug_abbrev  0x0000083b      0x1c1 ./lib/STM32F10x_StdPeriph_Driver/src/stm32f10x_rcc.o
 .debug_abbrev  0x000009fc       0x12 ./lib/CMSIS/CM3/DeviceSupport/ST/STM32F10x/startup/gcc_ride7/startup_stm32f10x_md.o
 .debug_abbrev  0x00000a0e      0x17e ./lib/CMSIS/CM3/DeviceSupport/ST/STM32F10x/system_stm32f10x.o

.debug_aranges  0x00000000      0x360
 .debug_aranges
                0x00000000       0x50 ./src/delay.o
 .debug_aranges
                0x00000050       0x20 ./src/main.o
 .debug_aranges
                0x00000070       0x60 ./src/ws2812.o
 .debug_aranges
                0x000000d0       0x70 ./lib/STM32F10x_StdPeriph_Driver/src/stm32f10x_dma.o
 .debug_aranges
                0x00000140       0xa8 ./lib/STM32F10x_StdPeriph_Driver/src/stm32f10x_gpio.o
 .debug_aranges
                0x000001e8      0x118 ./lib/STM32F10x_StdPeriph_Driver/src/stm32f10x_rcc.o
 .debug_aranges
                0x00000300       0x28 ./lib/CMSIS/CM3/DeviceSupport/ST/STM32F10x/startup/gcc_ride7/startup_stm32f10x_md.o
 .debug_aranges
                0x00000328       0x38 ./lib/CMSIS/CM3/DeviceSupport/ST/STM32F10x/system_stm32f10x.o

.debug_ranges   0x00000000      0x2e8
 .debug_ranges  0x00000000       0x40 ./src/delay.o
 .debug_ranges  0x00000040       0x10 ./src/main.o
 .debug_ranges  0x00000050       0x50 ./src/ws2812.o
 .debug_ranges  0x000000a0       0x60 ./lib/STM32F10x_StdPeriph_Driver/src/stm32f10x_dma.o
 .debug_ranges  0x00000100       0x98 ./lib/STM32F10x_StdPeriph_Driver/src/stm32f10x_gpio.o
 .debug_ranges  0x00000198      0x108 ./lib/STM32F10x_StdPeriph_Driver/src/stm32f10x_rcc.o
 .debug_ranges  0x000002a0       0x20 ./lib/CMSIS/CM3/DeviceSupport/ST/STM32F10x/startup/gcc_ride7/startup_stm32f10x_md.o
 .debug_ranges  0x000002c0       0x28 ./lib/CMSIS/CM3/DeviceSupport/ST/STM32F10x/system_stm32f10x.o

.debug_macro    0x00000000     0xc591
 .debug_macro   0x00000000       0xd9 ./src/delay.o
 .debug_macro   0x000000d9      0x880 ./src/delay.o
 .debug_macro   0x00000959       0x22 ./src/delay.o
 .debug_macro   0x0000097b       0x87 ./src/delay.o
 .debug_macro   0x00000a02       0x44 ./src/delay.o
 .debug_macro   0x00000a46       0xfd ./src/delay.o
 .debug_macro   0x00000b43       0x5e ./src/delay.o
 .debug_macro   0x00000ba1      0x1df ./src/delay.o
 .debug_macro   0x00000d80       0x50 ./src/delay.o
 .debug_macro   0x00000dd0      0x6bd ./src/delay.o
 .debug_macro   0x0000148d     0x7dbe ./src/delay.o
 .debug_macro   0x0000924b      0x2a6 ./src/delay.o
 .debug_macro   0x000094f1       0x82 ./src/delay.o
 .debug_macro   0x00009573      0x3e2 ./src/delay.o
 .debug_macro   0x00009955       0x8b ./src/delay.o
 .debug_macro   0x000099e0       0x35 ./src/delay.o
 .debug_macro   0x00009a15       0x22 ./src/delay.o
 .debug_macro   0x00009a37       0xd8 ./src/main.o
 .debug_macro   0x00009b0f       0x22 ./src/main.o
 .debug_macro   0x00009b31      0x69f ./src/main.o
 .debug_macro   0x0000a1d0       0x28 ./src/main.o
 .debug_macro   0x0000a1f8      0x28d ./src/ws2812.o
 .debug_macro   0x0000a485       0x4c ./src/ws2812.o
 .debug_macro   0x0000a4d1       0x8d ./src/ws2812.o
 .debug_macro   0x0000a55e       0x35 ./src/ws2812.o
 .debug_macro   0x0000a593       0x9c ./src/ws2812.o
 .debug_macro   0x0000a62f      0x174 ./src/ws2812.o
 .debug_macro   0x0000a7a3       0x4a ./src/ws2812.o
 .debug_macro   0x0000a7ed       0x52 ./src/ws2812.o
 .debug_macro   0x0000a83f       0x1f ./src/ws2812.o
 .debug_macro   0x0000a85e       0x43 ./src/ws2812.o
 .debug_macro   0x0000a8a1       0x20 ./src/ws2812.o
 .debug_macro   0x0000a8c1      0x187 ./src/ws2812.o
 .debug_macro   0x0000aa48      0x30d ./src/ws2812.o
 .debug_macro   0x0000ad55       0x10 ./src/ws2812.o
 .debug_macro   0x0000ad65       0x35 ./src/ws2812.o
 .debug_macro   0x0000ad9a      0x711 ./src/ws2812.o
 .debug_macro   0x0000b4ab      0x3ad ./src/ws2812.o
 .debug_macro   0x0000b858       0x10 ./src/ws2812.o
 .debug_macro   0x0000b868      0x132 ./lib/STM32F10x_StdPeriph_Driver/src/stm32f10x_dma.o
 .debug_macro   0x0000b99a      0x3a7 ./lib/STM32F10x_StdPeriph_Driver/src/stm32f10x_dma.o
 .debug_macro   0x0000bd41      0x127 ./lib/STM32F10x_StdPeriph_Driver/src/stm32f10x_gpio.o
 .debug_macro   0x0000be68       0x7c ./lib/STM32F10x_StdPeriph_Driver/src/stm32f10x_gpio.o
 .debug_macro   0x0000bee4      0x1f5 ./lib/STM32F10x_StdPeriph_Driver/src/stm32f10x_rcc.o
 .debug_macro   0x0000c0d9      0x3dc ./lib/STM32F10x_StdPeriph_Driver/src/stm32f10x_rcc.o
 .debug_macro   0x0000c4b5       0xdc ./lib/CMSIS/CM3/DeviceSupport/ST/STM32F10x/system_stm32f10x.o

.debug_line     0x00000000     0x2851
 .debug_line    0x00000000      0x4cc ./src/delay.o
 .debug_line    0x000004cc      0x445 ./src/main.o
 .debug_line    0x00000911      0x6a9 ./src/ws2812.o
 .debug_line    0x00000fba      0x5a1 ./lib/STM32F10x_StdPeriph_Driver/src/stm32f10x_dma.o
 .debug_line    0x0000155b      0x625 ./lib/STM32F10x_StdPeriph_Driver/src/stm32f10x_gpio.o
 .debug_line    0x00001b80      0x721 ./lib/STM32F10x_StdPeriph_Driver/src/stm32f10x_rcc.o
 .debug_line    0x000022a1       0xb0 ./lib/CMSIS/CM3/DeviceSupport/ST/STM32F10x/startup/gcc_ride7/startup_stm32f10x_md.o
 .debug_line    0x00002351      0x500 ./lib/CMSIS/CM3/DeviceSupport/ST/STM32F10x/system_stm32f10x.o

.debug_str      0x00000000    0x415c0
 .debug_str     0x00000000    0x35e59 ./src/delay.o
                              0x35fec (size before relaxing)
 .debug_str     0x00035e59      0x166 ./src/main.o
                              0x35cda (size before relaxing)
 .debug_str     0x00035fbf     0x9f4e ./src/ws2812.o
                              0x3ffe7 (size before relaxing)
 .debug_str     0x0003ff0d      0x621 ./lib/STM32F10x_StdPeriph_Driver/src/stm32f10x_dma.o
                              0x38495 (size before relaxing)
 .debug_str     0x0004052e      0x483 ./lib/STM32F10x_StdPeriph_Driver/src/stm32f10x_gpio.o
                              0x360e6 (size before relaxing)
 .debug_str     0x000409b1      0xb40 ./lib/STM32F10x_StdPeriph_Driver/src/stm32f10x_rcc.o
                              0x366cc (size before relaxing)
 .debug_str     0x000414f1       0xcf ./lib/CMSIS/CM3/DeviceSupport/ST/STM32F10x/system_stm32f10x.o
                              0x35ca1 (size before relaxing)

.comment        0x00000000       0x6e
 .comment       0x00000000       0x6e ./src/delay.o
                                 0x6f (size before relaxing)
 .comment       0x0000006e       0x6f ./src/main.o
 .comment       0x0000006e       0x6f ./src/ws2812.o
 .comment       0x0000006e       0x6f ./lib/STM32F10x_StdPeriph_Driver/src/stm32f10x_dma.o
 .comment       0x0000006e       0x6f ./lib/STM32F10x_StdPeriph_Driver/src/stm32f10x_gpio.o
 .comment       0x0000006e       0x6f ./lib/STM32F10x_StdPeriph_Driver/src/stm32f10x_rcc.o
 .comment       0x0000006e       0x6f ./lib/CMSIS/CM3/DeviceSupport/ST/STM32F10x/system_stm32f10x.o

.debug_frame    0x00000000      0xd94
 .debug_frame   0x00000000      0x114 ./src/delay.o
 .debug_frame   0x00000114       0x30 ./src/main.o
 .debug_frame   0x00000144      0x154 ./src/ws2812.o
 .debug_frame   0x00000298      0x1c8 ./lib/STM32F10x_StdPeriph_Driver/src/stm32f10x_dma.o
 .debug_frame   0x00000460      0x2d0 ./lib/STM32F10x_StdPeriph_Driver/src/stm32f10x_gpio.o
 .debug_frame   0x00000730      0x4f4 ./lib/STM32F10x_StdPeriph_Driver/src/stm32f10x_rcc.o
 .debug_frame   0x00000c24       0x98 ./lib/CMSIS/CM3/DeviceSupport/ST/STM32F10x/system_stm32f10x.o
 .debug_frame   0x00000cbc       0x50 /home/johannes/Documents/Programmierung/STM/gcc-arm-none-eabi/bin/../lib/gcc/arm-none-eabi/5.4.1/../../../../arm-none-eabi/lib/armv7-m/libg.a(lib_a-__call_atexit.o)
 .debug_frame   0x00000d0c       0x20 /home/johannes/Documents/Programmierung/STM/gcc-arm-none-eabi/bin/../lib/gcc/arm-none-eabi/5.4.1/../../../../arm-none-eabi/lib/armv7-m/libg.a(lib_a-atexit.o)
 .debug_frame   0x00000d2c       0x34 /home/johannes/Documents/Programmierung/STM/gcc-arm-none-eabi/bin/../lib/gcc/arm-none-eabi/5.4.1/../../../../arm-none-eabi/lib/armv7-m/libg.a(lib_a-fini.o)
 .debug_frame   0x00000d60       0x34 /home/johannes/Documents/Programmierung/STM/gcc-arm-none-eabi/bin/../lib/gcc/arm-none-eabi/5.4.1/../../../../arm-none-eabi/lib/armv7-m/libg.a(lib_a-__atexit.o)
