Archive member included to satisfy reference by file (symbol)

/home/johannes/Documents/Programmierung/STM/gcc-arm-none-eabi/bin/../lib/gcc/arm-none-eabi/5.4.1/../../../../arm-none-eabi/lib/armv7-m/libg.a(lib_a-exit.o)
                              /home/johannes/Documents/Programmierung/STM/gcc-arm-none-eabi/bin/../lib/gcc/arm-none-eabi/5.4.1/../../../../arm-none-eabi/lib/armv7-m/crt0.o (exit)
/home/johannes/Documents/Programmierung/STM/gcc-arm-none-eabi/bin/../lib/gcc/arm-none-eabi/5.4.1/../../../../arm-none-eabi/lib/armv7-m/libg.a(lib_a-impure.o)
                              /home/johannes/Documents/Programmierung/STM/gcc-arm-none-eabi/bin/../lib/gcc/arm-none-eabi/5.4.1/../../../../arm-none-eabi/lib/armv7-m/libg.a(lib_a-exit.o) (_global_impure_ptr)
/home/johannes/Documents/Programmierung/STM/gcc-arm-none-eabi/bin/../lib/gcc/arm-none-eabi/5.4.1/../../../../arm-none-eabi/lib/armv7-m/libg.a(lib_a-init.o)
                              /home/johannes/Documents/Programmierung/STM/gcc-arm-none-eabi/bin/../lib/gcc/arm-none-eabi/5.4.1/../../../../arm-none-eabi/lib/armv7-m/crt0.o (__libc_init_array)
/home/johannes/Documents/Programmierung/STM/gcc-arm-none-eabi/bin/../lib/gcc/arm-none-eabi/5.4.1/../../../../arm-none-eabi/lib/armv7-m/libg.a(lib_a-memset.o)
                              /home/johannes/Documents/Programmierung/STM/gcc-arm-none-eabi/bin/../lib/gcc/arm-none-eabi/5.4.1/../../../../arm-none-eabi/lib/armv7-m/crt0.o (memset)
/home/johannes/Documents/Programmierung/STM/gcc-arm-none-eabi/bin/../lib/gcc/arm-none-eabi/5.4.1/../../../../arm-none-eabi/lib/armv7-m/libg.a(lib_a-__call_atexit.o)
                              /home/johannes/Documents/Programmierung/STM/gcc-arm-none-eabi/bin/../lib/gcc/arm-none-eabi/5.4.1/../../../../arm-none-eabi/lib/armv7-m/libg.a(lib_a-exit.o) (__call_exitprocs)
/home/johannes/Documents/Programmierung/STM/gcc-arm-none-eabi/bin/../lib/gcc/arm-none-eabi/5.4.1/../../../../arm-none-eabi/lib/armv7-m/libg.a(lib_a-atexit.o)
                              /home/johannes/Documents/Programmierung/STM/gcc-arm-none-eabi/bin/../lib/gcc/arm-none-eabi/5.4.1/../../../../arm-none-eabi/lib/armv7-m/libg.a(lib_a-__call_atexit.o) (atexit)
/home/johannes/Documents/Programmierung/STM/gcc-arm-none-eabi/bin/../lib/gcc/arm-none-eabi/5.4.1/../../../../arm-none-eabi/lib/armv7-m/libg.a(lib_a-fini.o)
                              /home/johannes/Documents/Programmierung/STM/gcc-arm-none-eabi/bin/../lib/gcc/arm-none-eabi/5.4.1/../../../../arm-none-eabi/lib/armv7-m/libg.a(lib_a-__call_atexit.o) (__libc_fini_array)
/home/johannes/Documents/Programmierung/STM/gcc-arm-none-eabi/bin/../lib/gcc/arm-none-eabi/5.4.1/../../../../arm-none-eabi/lib/armv7-m/libg.a(lib_a-__atexit.o)
                              /home/johannes/Documents/Programmierung/STM/gcc-arm-none-eabi/bin/../lib/gcc/arm-none-eabi/5.4.1/../../../../arm-none-eabi/lib/armv7-m/libg.a(lib_a-atexit.o) (__register_exitproc)

Allocating common symbols
Common symbol       size              file

delay_counter       0x4               ./src/delay.o

Discarded input sections

 .text          0x00000000        0x0 /home/johannes/Documents/Programmierung/STM/gcc-arm-none-eabi/bin/../lib/gcc/arm-none-eabi/5.4.1/armv7-m/crti.o
 .data          0x00000000        0x0 /home/johannes/Documents/Programmierung/STM/gcc-arm-none-eabi/bin/../lib/gcc/arm-none-eabi/5.4.1/armv7-m/crti.o
 .bss           0x00000000        0x0 /home/johannes/Documents/Programmierung/STM/gcc-arm-none-eabi/bin/../lib/gcc/arm-none-eabi/5.4.1/armv7-m/crti.o
 .data          0x00000000        0x4 /home/johannes/Documents/Programmierung/STM/gcc-arm-none-eabi/bin/../lib/gcc/arm-none-eabi/5.4.1/armv7-m/crtbegin.o
 .text          0x00000000       0x74 /home/johannes/Documents/Programmierung/STM/gcc-arm-none-eabi/bin/../lib/gcc/arm-none-eabi/5.4.1/../../../../arm-none-eabi/lib/armv7-m/crt0.o
 .data          0x00000000        0x0 /home/johannes/Documents/Programmierung/STM/gcc-arm-none-eabi/bin/../lib/gcc/arm-none-eabi/5.4.1/../../../../arm-none-eabi/lib/armv7-m/crt0.o
 .bss           0x00000000        0x0 /home/johannes/Documents/Programmierung/STM/gcc-arm-none-eabi/bin/../lib/gcc/arm-none-eabi/5.4.1/../../../../arm-none-eabi/lib/armv7-m/crt0.o
 .ARM.extab     0x00000000        0x0 /home/johannes/Documents/Programmierung/STM/gcc-arm-none-eabi/bin/../lib/gcc/arm-none-eabi/5.4.1/../../../../arm-none-eabi/lib/armv7-m/crt0.o
 .ARM.exidx     0x00000000        0x8 /home/johannes/Documents/Programmierung/STM/gcc-arm-none-eabi/bin/../lib/gcc/arm-none-eabi/5.4.1/../../../../arm-none-eabi/lib/armv7-m/crt0.o
 .ARM.attributes
                0x00000000       0x1b /home/johannes/Documents/Programmierung/STM/gcc-arm-none-eabi/bin/../lib/gcc/arm-none-eabi/5.4.1/../../../../arm-none-eabi/lib/armv7-m/crt0.o
 .group         0x00000000        0x8 ./src/delay.o
 .group         0x00000000        0x8 ./src/delay.o
 .group         0x00000000        0x8 ./src/delay.o
 .group         0x00000000        0x8 ./src/delay.o
[...]
Memory Configuration

Name             Origin             Length             Attributes
FLASH            0x08000000         0x00010000         xr
RAM              0x20000000         0x00005000         xrw
MEMORY_B1        0x60000000         0x00000000         xr
*default*        0x00000000         0xffffffff

Linker script and memory map

LOAD /home/johannes/Documents/Programmierung/STM/gcc-arm-none-eabi/bin/../lib/gcc/arm-none-eabi/5.4.1/armv7-m/crti.o
LOAD /home/johannes/Documents/Programmierung/STM/gcc-arm-none-eabi/bin/../lib/gcc/arm-none-eabi/5.4.1/armv7-m/crtbegin.o
LOAD /home/johannes/Documents/Programmierung/STM/gcc-arm-none-eabi/bin/../lib/gcc/arm-none-eabi/5.4.1/../../../../arm-none-eabi/lib/armv7-m/crt0.o
LOAD ./src/delay.o
LOAD ./src/main.o
LOAD ./src/ws2812.o
LOAD ./lib/STM32F10x_StdPeriph_Driver/src/misc.o
LOAD ./lib/STM32F10x_StdPeriph_Driver/src/stm32f10x_adc.o
LOAD ./lib/STM32F10x_StdPeriph_Driver/src/stm32f10x_bkp.o
LOAD ./lib/STM32F10x_StdPeriph_Driver/src/stm32f10x_can.o
LOAD ./lib/STM32F10x_StdPeriph_Driver/src/stm32f10x_cec.o
LOAD ./lib/STM32F10x_StdPeriph_Driver/src/stm32f10x_crc.o
LOAD ./lib/STM32F10x_StdPeriph_Driver/src/stm32f10x_dac.o
LOAD ./lib/STM32F10x_StdPeriph_Driver/src/stm32f10x_dbgmcu.o
LOAD ./lib/STM32F10x_StdPeriph_Driver/src/stm32f10x_dma.o
LOAD ./lib/STM32F10x_StdPeriph_Driver/src/stm32f10x_exti.o
LOAD ./lib/STM32F10x_StdPeriph_Driver/src/stm32f10x_flash.o
LOAD ./lib/STM32F10x_StdPeriph_Driver/src/stm32f10x_fsmc.o
LOAD ./lib/STM32F10x_StdPeriph_Driver/src/stm32f10x_gpio.o
LOAD ./lib/STM32F10x_StdPeriph_Driver/src/stm32f10x_i2c.o
LOAD ./lib/STM32F10x_StdPeriph_Driver/src/stm32f10x_iwdg.o
LOAD ./lib/STM32F10x_StdPeriph_Driver/src/stm32f10x_pwr.o
LOAD ./lib/STM32F10x_StdPeriph_Driver/src/stm32f10x_rcc.o
LOAD ./lib/STM32F10x_StdPeriph_Driver/src/stm32f10x_rtc.o
LOAD ./lib/STM32F10x_StdPeriph_Driver/src/stm32f10x_sdio.o
LOAD ./lib/STM32F10x_StdPeriph_Driver/src/stm32f10x_spi.o
LOAD ./lib/STM32F10x_StdPeriph_Driver/src/stm32f10x_tim.o
LOAD ./lib/STM32F10x_StdPeriph_Driver/src/stm32f10x_usart.o
LOAD ./lib/STM32F10x_StdPeriph_Driver/src/stm32f10x_wwdg.o
LOAD ./lib/CMSIS/CM3/DeviceSupport/ST/STM32F10x/startup/gcc_ride7/startup_stm32f10x_md.o
LOAD ./lib/CMSIS/CM3/DeviceSupport/ST/STM32F10x/system_stm32f10x.o
LOAD ./lib/CMSIS/CM3/CoreSupport/core_cm3.o
LOAD /home/johannes/Documents/Programmierung/STM/gcc-arm-none-eabi/bin/../lib/gcc/arm-none-eabi/5.4.1/../../../../arm-none-eabi/lib/armv7-m/libstdc++.a
LOAD /home/johannes/Documents/Programmierung/STM/gcc-arm-none-eabi/bin/../lib/gcc/arm-none-eabi/5.4.1/../../../../arm-none-eabi/lib/armv7-m/libm.a
START GROUP
LOAD /home/johannes/Documents/Programmierung/STM/gcc-arm-none-eabi/bin/../lib/gcc/arm-none-eabi/5.4.1/armv7-m/libgcc.a
LOAD /home/johannes/Documents/Programmierung/STM/gcc-arm-none-eabi/bin/../lib/gcc/arm-none-eabi/5.4.1/../../../../arm-none-eabi/lib/armv7-m/libg.a
LOAD /home/johannes/Documents/Programmierung/STM/gcc-arm-none-eabi/bin/../lib/gcc/arm-none-eabi/5.4.1/../../../../arm-none-eabi/lib/armv7-m/libc.a
END GROUP
LOAD /home/johannes/Documents/Programmierung/STM/gcc-arm-none-eabi/bin/../lib/gcc/arm-none-eabi/5.4.1/armv7-m/crtend.o
LOAD /home/johannes/Documents/Programmierung/STM/gcc-arm-none-eabi/bin/../lib/gcc/arm-none-eabi/5.4.1/armv7-m/crtn.o
                0x20010000                _estack = 0x20010000
                0x00000000                _Min_Heap_Size = 0x0
                0x00000200                _Min_Stack_Size = 0x200

.isr_vector     0x08000000      0x10c
                0x08000000                . = ALIGN (0x4)
 *(.isr_vector)
 .isr_vector    0x08000000      0x10c ./lib/CMSIS/CM3/DeviceSupport/ST/STM32F10x/startup/gcc_ride7/startup_stm32f10x_md.o
                0x08000000                g_pfnVectors
                0x0800010c                . = ALIGN (0x4)

.eh_frame       0x0800010c        0x0
 .eh_frame      0x0800010c        0x0 /home/johannes/Documents/Programmierung/STM/gcc-arm-none-eabi/bin/../lib/gcc/arm-none-eabi/5.4.1/armv7-m/crtbegin.o

.text           0x0800010c     0x1448
                0x0800010c                . = ALIGN (0x4)
 *(.text)
 .text          0x0800010c       0x5c /home/johannes/Documents/Programmierung/STM/gcc-arm-none-eabi/bin/../lib/gcc/arm-none-eabi/5.4.1/armv7-m/crtbegin.o
 *(.text*)
 .text.NVIC_SetPriority
                0x08000168       0x54 ./src/delay.o
 .text.SysTick_Config
                0x080001bc       0x44 ./src/delay.o
 .text.SysTick_Handler
                0x08000200       0x24 ./src/delay.o
                0x08000200                SysTick_Handler
 .text.delay_msec
                0x08000224       0x34 ./src/delay.o
                0x08000224                delay_msec
 .text.delay_init
                0x08000258       0x58 ./src/delay.o
                0x08000258                delay_init
 .text.main     0x080002b0       0x14 ./src/main.o
                0x080002b0                main
 .text.ws2812_dma_init
                0x080002c4       0x6c ./src/ws2812.o
 .text.ws2812_dma_start
                0x08000330       0x4c ./src/ws2812.o
 .text.ws2812_clear_all
                0x0800037c       0x2c ./src/ws2812.o
 .text.ws2812_setup_dma_buf
                0x080003a8      0x160 ./src/ws2812.o
 .text.DMA1_Channel2_IRQHandler
                0x08000508       0x64 ./src/ws2812.o
                0x08000508                DMA1_Channel2_IRQHandler
 .text.ws2812_refresh
                0x0800056c       0xe4 ./src/ws2812.o
                0x0800056c                ws2812_refresh
 .text.ws2812_set_all_leds
                0x08000650       0xb0 ./src/ws2812.o
                0x08000650                ws2812_set_all_leds
 .text.ws2812_init
                0x08000700      0x134 ./src/ws2812.o
                0x08000700                ws2812_init
 .text.NVIC_Init
                0x08000834       0xc4 ./lib/STM32F10x_StdPeriph_Driver/src/misc.o
                0x08000834                NVIC_Init
 .text.DMA_DeInit
                0x080008f8      0x178 ./lib/STM32F10x_StdPeriph_Driver/src/stm32f10x_dma.o
                0x080008f8                DMA_DeInit
 .text.DMA_Init
                0x08000a70       0x7c ./lib/STM32F10x_StdPeriph_Driver/src/stm32f10x_dma.o
                0x08000a70                DMA_Init
 .text.DMA_StructInit
                0x08000aec       0x54 ./lib/STM32F10x_StdPeriph_Driver/src/stm32f10x_dma.o
                0x08000aec                DMA_StructInit
 .text.DMA_Cmd  0x08000b40       0x38 ./lib/STM32F10x_StdPeriph_Driver/src/stm32f10x_dma.o
                0x08000b40                DMA_Cmd
 .text.DMA_ITConfig
                0x08000b78       0x3c ./lib/STM32F10x_StdPeriph_Driver/src/stm32f10x_dma.o
                0x08000b78                DMA_ITConfig
 .text.DMA_SetCurrDataCounter
                0x08000bb4       0x1c ./lib/STM32F10x_StdPeriph_Driver/src/stm32f10x_dma.o
                0x08000bb4                DMA_SetCurrDataCounter
 .text.DMA_GetITStatus
                0x08000bd0       0x50 ./lib/STM32F10x_StdPeriph_Driver/src/stm32f10x_dma.o
                0x08000bd0                DMA_GetITStatus
 .text.DMA_ClearITPendingBit
                0x08000c20       0x34 ./lib/STM32F10x_StdPeriph_Driver/src/stm32f10x_dma.o
                0x08000c20                DMA_ClearITPendingBit
 .text.GPIO_Init
                0x08000c54      0x178 ./lib/STM32F10x_StdPeriph_Driver/src/stm32f10x_gpio.o
                0x08000c54                GPIO_Init
 .text.GPIO_StructInit
                0x08000dcc       0x28 ./lib/STM32F10x_StdPeriph_Driver/src/stm32f10x_gpio.o
                0x08000dcc                GPIO_StructInit
 .text.GPIO_ReadInputDataBit
                0x08000df4       0x34 ./lib/STM32F10x_StdPeriph_Driver/src/stm32f10x_gpio.o
                0x08000df4                GPIO_ReadInputDataBit
 .text.GPIO_ResetBits
                0x08000e28       0x1c ./lib/STM32F10x_StdPeriph_Driver/src/stm32f10x_gpio.o
                0x08000e28                GPIO_ResetBits
 .text.RCC_AHBPeriphClockCmd
                0x08000e44       0x3c ./lib/STM32F10x_StdPeriph_Driver/src/stm32f10x_rcc.o
                0x08000e44                RCC_AHBPeriphClockCmd
 .text.RCC_APB2PeriphClockCmd
                0x08000e80       0x3c ./lib/STM32F10x_StdPeriph_Driver/src/stm32f10x_rcc.o
                0x08000e80                RCC_APB2PeriphClockCmd
 .text.TIM_TimeBaseInit
                0x08000ebc       0xf8 ./lib/STM32F10x_StdPeriph_Driver/src/stm32f10x_tim.o
                0x08000ebc                TIM_TimeBaseInit
 .text.TIM_OC1Init
                0x08000fb4      0x118 ./lib/STM32F10x_StdPeriph_Driver/src/stm32f10x_tim.o
                0x08000fb4                TIM_OC1Init
 .text.TIM_TimeBaseStructInit
                0x080010cc       0x34 ./lib/STM32F10x_StdPeriph_Driver/src/stm32f10x_tim.o
                0x080010cc                TIM_TimeBaseStructInit
 .text.TIM_OCStructInit
                0x08001100       0x44 ./lib/STM32F10x_StdPeriph_Driver/src/stm32f10x_tim.o
                0x08001100                TIM_OCStructInit
 .text.TIM_Cmd  0x08001144       0x40 ./lib/STM32F10x_StdPeriph_Driver/src/stm32f10x_tim.o
                0x08001144                TIM_Cmd
 .text.TIM_CtrlPWMOutputs
                0x08001184       0x4c ./lib/STM32F10x_StdPeriph_Driver/src/stm32f10x_tim.o
                0x08001184                TIM_CtrlPWMOutputs
 .text.TIM_DMACmd
                0x080011d0       0x48 ./lib/STM32F10x_StdPeriph_Driver/src/stm32f10x_tim.o
                0x080011d0                TIM_DMACmd
 .text.TIM_ARRPreloadConfig
                0x08001218       0x40 ./lib/STM32F10x_StdPeriph_Driver/src/stm32f10x_tim.o
                0x08001218                TIM_ARRPreloadConfig
 .text.TIM_OC1PreloadConfig
                0x08001258       0x38 ./lib/STM32F10x_StdPeriph_Driver/src/stm32f10x_tim.o
                0x08001258                TIM_OC1PreloadConfig
 .text.Reset_Handler
                0x08001290       0x44 ./lib/CMSIS/CM3/DeviceSupport/ST/STM32F10x/startup/gcc_ride7/startup_stm32f10x_md.o
                0x08001290                Reset_Handler
 .text.Default_Handler
                0x080012d4        0x2 ./lib/CMSIS/CM3/DeviceSupport/ST/STM32F10x/startup/gcc_ride7/startup_stm32f10x_md.o
                0x080012d4                EXTI2_IRQHandler
                0x080012d4                DebugMon_Handler
                0x080012d4                TIM1_CC_IRQHandler
                0x080012d4                HardFault_Handler
                0x080012d4                PVD_IRQHandler
                0x080012d4                PendSV_Handler
                0x080012d4                NMI_Handler
                0x080012d4                EXTI3_IRQHandler
                0x080012d4                EXTI0_IRQHandler
                0x080012d4                I2C2_EV_IRQHandler
                0x080012d4                UsageFault_Handler
                0x080012d4                ADC1_2_IRQHandler
                0x080012d4                SPI1_IRQHandler
                0x080012d4                TAMPER_IRQHandler
                0x080012d4                DMA1_Channel4_IRQHandler
                0x080012d4                USART3_IRQHandler
                0x080012d4                RTC_IRQHandler
                0x080012d4                DMA1_Channel7_IRQHandler
                0x080012d4                CAN1_RX1_IRQHandler
                0x080012d4                TIM4_IRQHandler
                0x080012d4                I2C1_EV_IRQHandler
                0x080012d4                DMA1_Channel6_IRQHandler
                0x080012d4                TIM3_IRQHandler
                0x080012d4                RCC_IRQHandler
                0x080012d4                TIM1_TRG_COM_IRQHandler
                0x080012d4                DMA1_Channel1_IRQHandler
                0x080012d4                Default_Handler
                0x080012d4                EXTI15_10_IRQHandler
                0x080012d4                EXTI9_5_IRQHandler
                0x080012d4                SPI2_IRQHandler
                0x080012d4                MemManage_Handler
                0x080012d4                SVC_Handler
                0x080012d4                DMA1_Channel5_IRQHandler
                0x080012d4                EXTI4_IRQHandler
                0x080012d4                USB_LP_CAN1_RX0_IRQHandler
                0x080012d4                USB_HP_CAN1_TX_IRQHandler
                0x080012d4                DMA1_Channel3_IRQHandler
                0x080012d4                TIM1_UP_IRQHandler
                0x080012d4                WWDG_IRQHandler
                0x080012d4                TIM2_IRQHandler
                0x080012d4                TIM1_BRK_IRQHandler
                0x080012d4                EXTI1_IRQHandler
                0x080012d4                RTCAlarm_IRQHandler
                0x080012d4                USART2_IRQHandler
                0x080012d4                I2C2_ER_IRQHandler
                0x080012d4                CAN1_SCE_IRQHandler
                0x080012d4                FLASH_IRQHandler
                0x080012d4                BusFault_Handler
                0x080012d4                USART1_IRQHandler
                0x080012d4                I2C1_ER_IRQHandler
                0x080012d4                USBWakeUp_IRQHandler
 *fill*         0x080012d6        0x2 
 .text.SystemInit
                0x080012d8       0x68 ./lib/CMSIS/CM3/DeviceSupport/ST/STM32F10x/system_stm32f10x.o
                0x080012d8                SystemInit
 .text.SetSysClock
                0x08001340        0xc ./lib/CMSIS/CM3/DeviceSupport/ST/STM32F10x/system_stm32f10x.o
 .text.SetSysClockTo72
                0x0800134c      0x100 ./lib/CMSIS/CM3/DeviceSupport/ST/STM32F10x/system_stm32f10x.o
 .text.startup.register_fini
                0x0800144c       0x14 /home/johannes/Documents/Programmierung/STM/gcc-arm-none-eabi/bin/../lib/gcc/arm-none-eabi/5.4.1/../../../../arm-none-eabi/lib/armv7-m/libg.a(lib_a-__call_atexit.o)
 .text.atexit   0x08001460        0xc /home/johannes/Documents/Programmierung/STM/gcc-arm-none-eabi/bin/../lib/gcc/arm-none-eabi/5.4.1/../../../../arm-none-eabi/lib/armv7-m/libg.a(lib_a-atexit.o)
                0x08001460                atexit
 .text.__libc_fini_array
                0x0800146c       0x28 /home/johannes/Documents/Programmierung/STM/gcc-arm-none-eabi/bin/../lib/gcc/arm-none-eabi/5.4.1/../../../../arm-none-eabi/lib/armv7-m/libg.a(lib_a-fini.o)
                0x0800146c                __libc_fini_array
 .text.__register_exitproc
                0x08001494       0xa4 /home/johannes/Documents/Programmierung/STM/gcc-arm-none-eabi/bin/../lib/gcc/arm-none-eabi/5.4.1/../../../../arm-none-eabi/lib/armv7-m/libg.a(lib_a-__atexit.o)
                0x08001494                __register_exitproc
 *(.rodata)
 *(.rodata*)
 .rodata._global_impure_ptr
                0x08001538        0x4 /home/johannes/Documents/Programmierung/STM/gcc-arm-none-eabi/bin/../lib/gcc/arm-none-eabi/5.4.1/../../../../arm-none-eabi/lib/armv7-m/libg.a(lib_a-impure.o)
                0x08001538                _global_impure_ptr
 *(.glue_7)
 .glue_7        0x0800153c        0x0 linker stubs
 *(.glue_7t)
 .glue_7t       0x0800153c        0x0 linker stubs
 *(.init)
 .init          0x0800153c        0x4 /home/johannes/Documents/Programmierung/STM/gcc-arm-none-eabi/bin/../lib/gcc/arm-none-eabi/5.4.1/armv7-m/crti.o
                0x0800153c                _init
 .init          0x08001540        0x8 /home/johannes/Documents/Programmierung/STM/gcc-arm-none-eabi/bin/../lib/gcc/arm-none-eabi/5.4.1/armv7-m/crtn.o
 *(.fini)
 .fini          0x08001548        0x4 /home/johannes/Documents/Programmierung/STM/gcc-arm-none-eabi/bin/../lib/gcc/arm-none-eabi/5.4.1/armv7-m/crti.o
                0x08001548                _fini
 .fini          0x0800154c        0x8 /home/johannes/Documents/Programmierung/STM/gcc-arm-none-eabi/bin/../lib/gcc/arm-none-eabi/5.4.1/armv7-m/crtn.o
                0x08001554                . = ALIGN (0x4)
                0x08001554                _etext = .

.vfp11_veneer   0x08001554        0x0
 .vfp11_veneer  0x08001554        0x0 linker stubs

.v4_bx          0x08001554        0x0
 .v4_bx         0x08001554        0x0 linker stubs

.iplt           0x08001554        0x0
 .iplt          0x08001554        0x0 /home/johannes/Documents/Programmierung/STM/gcc-arm-none-eabi/bin/../lib/gcc/arm-none-eabi/5.4.1/armv7-m/crtbegin.o

.rel.dyn        0x08001554        0x0
 .rel.iplt      0x08001554        0x0 /home/johannes/Documents/Programmierung/STM/gcc-arm-none-eabi/bin/../lib/gcc/arm-none-eabi/5.4.1/armv7-m/crtbegin.o

.ARM.extab
 *(.ARM.extab* .gnu.linkonce.armextab.*)

.ARM            0x08001554        0x0
                0x08001554                __exidx_start = .
 *(.ARM.exidx*)
                0x08001554                __exidx_end = .

.ARM.attributes
                0x08001554       0x29
 *(.ARM.attributes)
 .ARM.attributes
                0x08001554       0x1d /home/johannes/Documents/Programmierung/STM/gcc-arm-none-eabi/bin/../lib/gcc/arm-none-eabi/5.4.1/armv7-m/crti.o
 .ARM.attributes
                0x08001571       0x2d /home/johannes/Documents/Programmierung/STM/gcc-arm-none-eabi/bin/../lib/gcc/arm-none-eabi/5.4.1/armv7-m/crtbegin.o
 .ARM.attributes
                0x0800159e       0x33 ./src/delay.o
 .ARM.attributes
                0x080015d1       0x33 ./src/main.o
 .ARM.attributes
                0x08001604       0x33 ./src/ws2812.o
 .ARM.attributes
                0x08001637       0x33 ./lib/STM32F10x_StdPeriph_Driver/src/misc.o
 .ARM.attributes
                0x0800166a       0x33 ./lib/STM32F10x_StdPeriph_Driver/src/stm32f10x_dma.o
 .ARM.attributes
                0x0800169d       0x33 ./lib/STM32F10x_StdPeriph_Driver/src/stm32f10x_gpio.o
 .ARM.attributes
                0x080016d0       0x33 ./lib/STM32F10x_StdPeriph_Driver/src/stm32f10x_rcc.o
 .ARM.attributes
                0x08001703       0x33 ./lib/STM32F10x_StdPeriph_Driver/src/stm32f10x_tim.o
 .ARM.attributes
                0x08001736       0x21 ./lib/CMSIS/CM3/DeviceSupport/ST/STM32F10x/startup/gcc_ride7/startup_stm32f10x_md.o
 .ARM.attributes
                0x08001757       0x33 ./lib/CMSIS/CM3/DeviceSupport/ST/STM32F10x/system_stm32f10x.o
 .ARM.attributes
                0x0800178a       0x2d /home/johannes/Documents/Programmierung/STM/gcc-arm-none-eabi/bin/../lib/gcc/arm-none-eabi/5.4.1/../../../../arm-none-eabi/lib/armv7-m/libg.a(lib_a-impure.o)
 .ARM.attributes
                0x080017b7       0x2d /home/johannes/Documents/Programmierung/STM/gcc-arm-none-eabi/bin/../lib/gcc/arm-none-eabi/5.4.1/../../../../arm-none-eabi/lib/armv7-m/libg.a(lib_a-__call_atexit.o)
 .ARM.attributes
                0x080017e4       0x2d /home/johannes/Documents/Programmierung/STM/gcc-arm-none-eabi/bin/../lib/gcc/arm-none-eabi/5.4.1/../../../../arm-none-eabi/lib/armv7-m/libg.a(lib_a-atexit.o)
 .ARM.attributes
                0x08001811       0x2d /home/johannes/Documents/Programmierung/STM/gcc-arm-none-eabi/bin/../lib/gcc/arm-none-eabi/5.4.1/../../../../arm-none-eabi/lib/armv7-m/libg.a(lib_a-fini.o)
 .ARM.attributes
                0x0800183e       0x2d /home/johannes/Documents/Programmierung/STM/gcc-arm-none-eabi/bin/../lib/gcc/arm-none-eabi/5.4.1/../../../../arm-none-eabi/lib/armv7-m/libg.a(lib_a-__atexit.o)
 .ARM.attributes
                0x0800186b       0x1d /home/johannes/Documents/Programmierung/STM/gcc-arm-none-eabi/bin/../lib/gcc/arm-none-eabi/5.4.1/armv7-m/crtn.o

.preinit_array  0x08001554        0x0
                0x08001554                PROVIDE (__preinit_array_start, .)
 *(.preinit_array*)
                0x08001554                PROVIDE (__preinit_array_end, .)

.init_array     0x08001554        0x8
                0x08001554                PROVIDE (__init_array_start, .)
 *(SORT(.init_array.*))
 .init_array.00000
                0x08001554        0x4 /home/johannes/Documents/Programmierung/STM/gcc-arm-none-eabi/bin/../lib/gcc/arm-none-eabi/5.4.1/../../../../arm-none-eabi/lib/armv7-m/libg.a(lib_a-__call_atexit.o)
 *(.init_array*)
 .init_array    0x08001558        0x4 /home/johannes/Documents/Programmierung/STM/gcc-arm-none-eabi/bin/../lib/gcc/arm-none-eabi/5.4.1/armv7-m/crtbegin.o
                0x0800155c                PROVIDE (__init_array_end, .)

.fini_array     0x0800155c        0x4
                0x0800155c                PROVIDE (__fini_array_start, .)
 *(.fini_array*)
 .fini_array    0x0800155c        0x4 /home/johannes/Documents/Programmierung/STM/gcc-arm-none-eabi/bin/../lib/gcc/arm-none-eabi/5.4.1/armv7-m/crtbegin.o
 *(SORT(.fini_array.*))
                0x08001560                PROVIDE (__fini_array_end, .)
                0x08001560                _sidata = .

.data           0x20000000      0x438 load address 0x08001560
                0x20000000                . = ALIGN (0x4)
                0x20000000                _sdata = .
 *(.data)
 *(.data*)
 .data.resolution
                0x20000000        0x4 ./src/delay.o
 .data.msec_factor
                0x20000004        0x4 ./src/delay.o
 .data.SystemCoreClock
                0x20000008        0x4 ./lib/CMSIS/CM3/DeviceSupport/ST/STM32F10x/system_stm32f10x.o
                0x20000008                SystemCoreClock
 *fill*         0x2000000c        0x4 
 .data.impure_data
                0x20000010      0x428 /home/johannes/Documents/Programmierung/STM/gcc-arm-none-eabi/bin/../lib/gcc/arm-none-eabi/5.4.1/../../../../arm-none-eabi/lib/armv7-m/libg.a(lib_a-impure.o)
                0x20000438                . = ALIGN (0x4)
                0x20000438                _edata = .

.jcr            0x20000438        0x0 load address 0x08001998
 .jcr           0x20000438        0x0 /home/johannes/Documents/Programmierung/STM/gcc-arm-none-eabi/bin/../lib/gcc/arm-none-eabi/5.4.1/armv7-m/crtbegin.o

.igot.plt       0x20000438        0x0 load address 0x08001998
 .igot.plt      0x20000438        0x0 /home/johannes/Documents/Programmierung/STM/gcc-arm-none-eabi/bin/../lib/gcc/arm-none-eabi/5.4.1/armv7-m/crtbegin.o
                0x20000438                . = ALIGN (0x4)

.bss            0x20000438      0x15c load address 0x08001998
                0x20000438                _sbss = .
                0x20000438                __bss_start__ = _sbss
 *(.bss)
 .bss           0x20000438       0x1c /home/johannes/Documents/Programmierung/STM/gcc-arm-none-eabi/bin/../lib/gcc/arm-none-eabi/5.4.1/armv7-m/crtbegin.o
 *(.bss*)
 .bss.current_dma_buf_pos
                0x20000454        0x4 ./src/ws2812.o
 .bss.current_led_offset
                0x20000458        0x4 ./src/ws2812.o
 .bss.current_data_pause_len
                0x2000045c        0x4 ./src/ws2812.o
 .bss.current_leds
                0x20000460        0x4 ./src/ws2812.o
 .bss.ws2812_dma_status
                0x20000464        0x4 ./src/ws2812.o
 .bss.rgb_buf   0x20000468       0xf0 ./src/ws2812.o
 .bss.current_rgb_buf_idx
                0x20000558        0x4 ./src/ws2812.o
 .bss.next_rgb_buf_idx
                0x2000055c        0x4 ./src/ws2812.o
 .bss.dma_buf   0x20000560       0x30 ./src/ws2812.o
 *(COMMON)
 COMMON         0x20000590        0x4 ./src/delay.o
                0x20000590                delay_counter
                0x20000594                . = ALIGN (0x4)
                0x20000594                _ebss = .
                0x20000594                __bss_end__ = _ebss
                [!provide]                PROVIDE (end, _ebss)
                [!provide]                PROVIDE (_end, _ebss)

._user_heap_stack
                0x20000594      0x200 load address 0x08001af4
                0x20000594                . = ALIGN (0x4)
                0x20000594                . = (. + _Min_Heap_Size)
                0x20000794                . = (. + _Min_Stack_Size)
 *fill*         0x20000594      0x200 
                0x20000794                . = ALIGN (0x4)

.memory_b1_text
 *(.mb1text)
 *(.mb1text*)
 *(.mb1rodata)
 *(.mb1rodata*)

/DISCARD/
 libc.a(*)
 libm.a(*)
 libgcc.a(*)
OUTPUT(InfinityCube.elf elf32-littlearm)

.debug_info     0x00000000     0x4bdc
 .debug_info    0x00000000      0x636 ./src/delay.o
 .debug_info    0x00000636       0x99 ./src/main.o
 .debug_info    0x000006cf      0xac2 ./src/ws2812.o
 .debug_info    0x00001191      0x4fa ./lib/STM32F10x_StdPeriph_Driver/src/misc.o
 .debug_info    0x0000168b      0x46d ./lib/STM32F10x_StdPeriph_Driver/src/stm32f10x_dma.o
 .debug_info    0x00001af8      0x6e8 ./lib/STM32F10x_StdPeriph_Driver/src/stm32f10x_gpio.o
 .debug_info    0x000021e0      0x895 ./lib/STM32F10x_StdPeriph_Driver/src/stm32f10x_rcc.o
 .debug_info    0x00002a75     0x1c52 ./lib/STM32F10x_StdPeriph_Driver/src/stm32f10x_tim.o
 .debug_info    0x000046c7       0xc6 ./lib/CMSIS/CM3/DeviceSupport/ST/STM32F10x/startup/gcc_ride7/startup_stm32f10x_md.o
 .debug_info    0x0000478d      0x44f ./lib/CMSIS/CM3/DeviceSupport/ST/STM32F10x/system_stm32f10x.o

.debug_abbrev   0x00000000      0xe03
 .debug_abbrev  0x00000000      0x201 ./src/delay.o
 .debug_abbrev  0x00000201       0x5d ./src/main.o
 .debug_abbrev  0x0000025e      0x215 ./src/ws2812.o
 .debug_abbrev  0x00000473      0x15b ./lib/STM32F10x_StdPeriph_Driver/src/misc.o
 .debug_abbrev  0x000005ce      0x15c ./lib/STM32F10x_StdPeriph_Driver/src/stm32f10x_dma.o
 .debug_abbrev  0x0000072a      0x1d1 ./lib/STM32F10x_StdPeriph_Driver/src/stm32f10x_gpio.o
 .debug_abbrev  0x000008fb      0x1c1 ./lib/STM32F10x_StdPeriph_Driver/src/stm32f10x_rcc.o
 .debug_abbrev  0x00000abc      0x1b7 ./lib/STM32F10x_StdPeriph_Driver/src/stm32f10x_tim.o
 .debug_abbrev  0x00000c73       0x12 ./lib/CMSIS/CM3/DeviceSupport/ST/STM32F10x/startup/gcc_ride7/startup_stm32f10x_md.o
 .debug_abbrev  0x00000c85      0x17e ./lib/CMSIS/CM3/DeviceSupport/ST/STM32F10x/system_stm32f10x.o

.debug_aranges  0x00000000      0x690
 .debug_aranges
                0x00000000       0x50 ./src/delay.o
 .debug_aranges
                0x00000050       0x20 ./src/main.o
 .debug_aranges
                0x00000070       0x60 ./src/ws2812.o
 .debug_aranges
                0x000000d0       0x40 ./lib/STM32F10x_StdPeriph_Driver/src/misc.o
 .debug_aranges
                0x00000110       0x70 ./lib/STM32F10x_StdPeriph_Driver/src/stm32f10x_dma.o
 .debug_aranges
                0x00000180       0xa8 ./lib/STM32F10x_StdPeriph_Driver/src/stm32f10x_gpio.o
 .debug_aranges
                0x00000228      0x118 ./lib/STM32F10x_StdPeriph_Driver/src/stm32f10x_rcc.o
 .debug_aranges
                0x00000340      0x2f0 ./lib/STM32F10x_StdPeriph_Driver/src/stm32f10x_tim.o
 .debug_aranges
                0x00000630       0x28 ./lib/CMSIS/CM3/DeviceSupport/ST/STM32F10x/startup/gcc_ride7/startup_stm32f10x_md.o
 .debug_aranges
                0x00000658       0x38 ./lib/CMSIS/CM3/DeviceSupport/ST/STM32F10x/system_stm32f10x.o

.debug_ranges   0x00000000      0x5f8
 .debug_ranges  0x00000000       0x40 ./src/delay.o
 .debug_ranges  0x00000040       0x10 ./src/main.o
 .debug_ranges  0x00000050       0x50 ./src/ws2812.o
 .debug_ranges  0x000000a0       0x30 ./lib/STM32F10x_StdPeriph_Driver/src/misc.o
 .debug_ranges  0x000000d0       0x60 ./lib/STM32F10x_StdPeriph_Driver/src/stm32f10x_dma.o
 .debug_ranges  0x00000130       0x98 ./lib/STM32F10x_StdPeriph_Driver/src/stm32f10x_gpio.o
 .debug_ranges  0x000001c8      0x108 ./lib/STM32F10x_StdPeriph_Driver/src/stm32f10x_rcc.o
 .debug_ranges  0x000002d0      0x2e0 ./lib/STM32F10x_StdPeriph_Driver/src/stm32f10x_tim.o
 .debug_ranges  0x000005b0       0x20 ./lib/CMSIS/CM3/DeviceSupport/ST/STM32F10x/startup/gcc_ride7/startup_stm32f10x_md.o
 .debug_ranges  0x000005d0       0x28 ./lib/CMSIS/CM3/DeviceSupport/ST/STM32F10x/system_stm32f10x.o

.debug_macro    0x00000000     0xf3a8
 .debug_macro   0x00000000      0x185 ./src/delay.o
 .debug_macro   0x00000185      0x880 ./src/delay.o
 .debug_macro   0x00000a05       0x22 ./src/delay.o
 .debug_macro   0x00000a27       0x87 ./src/delay.o
 .debug_macro   0x00000aae       0x44 ./src/delay.o
 .debug_macro   0x00000af2       0xfd ./src/delay.o
 .debug_macro   0x00000bef       0x5e ./src/delay.o
 .debug_macro   0x00000c4d      0x1df ./src/delay.o
 .debug_macro   0x00000e2c       0x50 ./src/delay.o
 .debug_macro   0x00000e7c      0x6bd ./src/delay.o
 .debug_macro   0x00001539     0x7dbe ./src/delay.o
 .debug_macro   0x000092f7      0x2df ./src/delay.o
 .debug_macro   0x000095d6      0x144 ./src/delay.o
 .debug_macro   0x0000971a      0x3cf ./src/delay.o
 .debug_macro   0x00009ae9       0xc8 ./src/delay.o
 .debug_macro   0x00009bb1      0x17a ./src/delay.o
 .debug_macro   0x00009d2b       0xac ./src/delay.o
 .debug_macro   0x00009dd7      0x3ad ./src/delay.o
 .debug_macro   0x0000a184       0x9a ./src/delay.o
 .debug_macro   0x0000a21e      0x2cf ./src/delay.o
 .debug_macro   0x0000a4ed      0x279 ./src/delay.o
 .debug_macro   0x0000a766      0x2ac ./src/delay.o
 .debug_macro   0x0000aa12      0x2b1 ./src/delay.o
 .debug_macro   0x0000acc3       0x64 ./src/delay.o
 .debug_macro   0x0000ad27       0x82 ./src/delay.o
 .debug_macro   0x0000ada9      0x3e2 ./src/delay.o
 .debug_macro   0x0000b18b       0x58 ./src/delay.o
 .debug_macro   0x0000b1e3      0x341 ./src/delay.o
 .debug_macro   0x0000b524      0x2c4 ./src/delay.o
 .debug_macro   0x0000b7e8      0x711 ./src/delay.o
 .debug_macro   0x0000bef9      0x220 ./src/delay.o
 .debug_macro   0x0000c119       0x34 ./src/delay.o
 .debug_macro   0x0000c14d       0x8b ./src/delay.o
 .debug_macro   0x0000c1d8       0x35 ./src/delay.o
 .debug_macro   0x0000c20d       0x22 ./src/delay.o
 .debug_macro   0x0000c22f      0x18e ./src/main.o
 .debug_macro   0x0000c3bd       0x22 ./src/main.o
 .debug_macro   0x0000c3df      0x69f ./src/main.o
 .debug_macro   0x0000ca7e       0x28 ./src/main.o
 .debug_macro   0x0000caa6      0x327 ./src/ws2812.o
 .debug_macro   0x0000cdcd       0x4c ./src/ws2812.o
 .debug_macro   0x0000ce19       0x8d ./src/ws2812.o
 .debug_macro   0x0000cea6       0x35 ./src/ws2812.o
 .debug_macro   0x0000cedb       0x9c ./src/ws2812.o
 .debug_macro   0x0000cf77      0x174 ./src/ws2812.o
 .debug_macro   0x0000d0eb       0x4a ./src/ws2812.o
 .debug_macro   0x0000d135       0x52 ./src/ws2812.o
 .debug_macro   0x0000d187       0x1f ./src/ws2812.o
 .debug_macro   0x0000d1a6       0x43 ./src/ws2812.o
 .debug_macro   0x0000d1e9       0x20 ./src/ws2812.o
 .debug_macro   0x0000d209      0x187 ./src/ws2812.o
 .debug_macro   0x0000d390      0x30d ./src/ws2812.o
 .debug_macro   0x0000d69d       0x10 ./src/ws2812.o
 .debug_macro   0x0000d6ad       0x35 ./src/ws2812.o
 .debug_macro   0x0000d6e2       0x10 ./src/ws2812.o
 .debug_macro   0x0000d6f2      0x18b ./lib/STM32F10x_StdPeriph_Driver/src/misc.o
 .debug_macro   0x0000d87d       0x85 ./lib/STM32F10x_StdPeriph_Driver/src/misc.o
 .debug_macro   0x0000d902      0x1d9 ./lib/STM32F10x_StdPeriph_Driver/src/stm32f10x_dma.o
 .debug_macro   0x0000dadb      0x3a7 ./lib/STM32F10x_StdPeriph_Driver/src/stm32f10x_dma.o
 .debug_macro   0x0000de82      0x1d3 ./lib/STM32F10x_StdPeriph_Driver/src/stm32f10x_gpio.o
 .debug_macro   0x0000e055      0x2a6 ./lib/STM32F10x_StdPeriph_Driver/src/stm32f10x_gpio.o
 .debug_macro   0x0000e2fb      0x2a1 ./lib/STM32F10x_StdPeriph_Driver/src/stm32f10x_rcc.o
 .debug_macro   0x0000e59c      0x3dc ./lib/STM32F10x_StdPeriph_Driver/src/stm32f10x_rcc.o
 .debug_macro   0x0000e978      0x19d ./lib/STM32F10x_StdPeriph_Driver/src/stm32f10x_tim.o
 .debug_macro   0x0000eb15      0x70b ./lib/STM32F10x_StdPeriph_Driver/src/stm32f10x_tim.o
 .debug_macro   0x0000f220      0x188 ./lib/CMSIS/CM3/DeviceSupport/ST/STM32F10x/system_stm32f10x.o

.debug_line     0x00000000     0x4773
 .debug_line    0x00000000      0x641 ./src/delay.o
 .debug_line    0x00000641      0x5b0 ./src/main.o
 .debug_line    0x00000bf1      0x7f8 ./src/ws2812.o
 .debug_line    0x000013e9      0x617 ./lib/STM32F10x_StdPeriph_Driver/src/misc.o
 .debug_line    0x00001a00      0x703 ./lib/STM32F10x_StdPeriph_Driver/src/stm32f10x_dma.o
 .debug_line    0x00002103      0x79a ./lib/STM32F10x_StdPeriph_Driver/src/stm32f10x_gpio.o
 .debug_line    0x0000289d      0x896 ./lib/STM32F10x_StdPeriph_Driver/src/stm32f10x_rcc.o
 .debug_line    0x00003133      0xf1b ./lib/STM32F10x_StdPeriph_Driver/src/stm32f10x_tim.o
 .debug_line    0x0000404e       0xb0 ./lib/CMSIS/CM3/DeviceSupport/ST/STM32F10x/startup/gcc_ride7/startup_stm32f10x_md.o
 .debug_line    0x000040fe      0x675 ./lib/CMSIS/CM3/DeviceSupport/ST/STM32F10x/system_stm32f10x.o

.debug_str      0x00000000    0x524ad
 .debug_str     0x00000000    0x4ccc9 ./src/delay.o
                              0x4ce65 (size before relaxing)
 .debug_str     0x0004ccc9       0x1d ./src/main.o
                              0x4c9ed (size before relaxing)
 .debug_str     0x0004cce6     0x35a3 ./src/ws2812.o
                              0x50376 (size before relaxing)
 .debug_str     0x00050289      0x133 ./lib/STM32F10x_StdPeriph_Driver/src/misc.o
                              0x4cbe7 (size before relaxing)
 .debug_str     0x000503bc      0x618 ./lib/STM32F10x_StdPeriph_Driver/src/stm32f10x_dma.o
                              0x4d08f (size before relaxing)
 .debug_str     0x000509d4      0x483 ./lib/STM32F10x_StdPeriph_Driver/src/stm32f10x_gpio.o
                              0x4cf5f (size before relaxing)
 .debug_str     0x00050e57      0xb3a ./lib/STM32F10x_StdPeriph_Driver/src/stm32f10x_rcc.o
                              0x4d545 (size before relaxing)
 .debug_str     0x00051991      0xa4d ./lib/STM32F10x_StdPeriph_Driver/src/stm32f10x_tim.o
                              0x4d663 (size before relaxing)
 .debug_str     0x000523de       0xcf ./lib/CMSIS/CM3/DeviceSupport/ST/STM32F10x/system_stm32f10x.o
                              0x4cb1a (size before relaxing)

.comment        0x00000000       0x6e
 .comment       0x00000000       0x6e ./src/delay.o
                                 0x6f (size before relaxing)
 .comment       0x0000006e       0x6f ./src/main.o
 .comment       0x0000006e       0x6f ./src/ws2812.o
 .comment       0x0000006e       0x6f ./lib/STM32F10x_StdPeriph_Driver/src/misc.o
 .comment       0x0000006e       0x6f ./lib/STM32F10x_StdPeriph_Driver/src/stm32f10x_dma.o
 .comment       0x0000006e       0x6f ./lib/STM32F10x_StdPeriph_Driver/src/stm32f10x_gpio.o
 .comment       0x0000006e       0x6f ./lib/STM32F10x_StdPeriph_Driver/src/stm32f10x_rcc.o
 .comment       0x0000006e       0x6f ./lib/STM32F10x_StdPeriph_Driver/src/stm32f10x_tim.o
 .comment       0x0000006e       0x6f ./lib/CMSIS/CM3/DeviceSupport/ST/STM32F10x/system_stm32f10x.o

.debug_frame    0x00000000     0x1c94
 .debug_frame   0x00000000      0x114 ./src/delay.o
 .debug_frame   0x00000114       0x2c ./src/main.o
 .debug_frame   0x00000140      0x154 ./src/ws2812.o
 .debug_frame   0x00000294       0xd8 ./lib/STM32F10x_StdPeriph_Driver/src/misc.o
 .debug_frame   0x0000036c      0x1c8 ./lib/STM32F10x_StdPeriph_Driver/src/stm32f10x_dma.o
 .debug_frame   0x00000534      0x2d0 ./lib/STM32F10x_StdPeriph_Driver/src/stm32f10x_gpio.o
 .debug_frame   0x00000804      0x4f4 ./lib/STM32F10x_StdPeriph_Driver/src/stm32f10x_rcc.o
 .debug_frame   0x00000cf8      0xe2c ./lib/STM32F10x_StdPeriph_Driver/src/stm32f10x_tim.o
 .debug_frame   0x00001b24       0x98 ./lib/CMSIS/CM3/DeviceSupport/ST/STM32F10x/system_stm32f10x.o
 .debug_frame   0x00001bbc       0x50 /home/johannes/Documents/Programmierung/STM/gcc-arm-none-eabi/bin/../lib/gcc/arm-none-eabi/5.4.1/../../../../arm-none-eabi/lib/armv7-m/libg.a(lib_a-__call_atexit.o)
 .debug_frame   0x00001c0c       0x20 /home/johannes/Documents/Programmierung/STM/gcc-arm-none-eabi/bin/../lib/gcc/arm-none-eabi/5.4.1/../../../../arm-none-eabi/lib/armv7-m/libg.a(lib_a-atexit.o)
 .debug_frame   0x00001c2c       0x34 /home/johannes/Documents/Programmierung/STM/gcc-arm-none-eabi/bin/../lib/gcc/arm-none-eabi/5.4.1/../../../../arm-none-eabi/lib/armv7-m/libg.a(lib_a-fini.o)
 .debug_frame   0x00001c60       0x34 /home/johannes/Documents/Programmierung/STM/gcc-arm-none-eabi/bin/../lib/gcc/arm-none-eabi/5.4.1/../../../../arm-none-eabi/lib/armv7-m/libg.a(lib_a-__atexit.o)
